// Jest Snapshot v1, https://goo.gl/fbAQLP

exports[`Book List should render correctly 1`] = `ShallowWrapper {}`;
