// Jest Snapshot v1, https://goo.gl/fbAQLP

exports[`Create Book should render correctly 1`] = `ShallowWrapper {}`;
