// Jest Snapshot v1, https://goo.gl/fbAQLP

exports[`Edit Book should render correctly 1`] = `ShallowWrapper {}`;
